// Jest Snapshot v1, https://goo.gl/fbAQLP

exports[`renders movies 1`] = `
Object {
  "asFragment": [Function],
  "baseElement": <body>
    <div>
      <div>
        <div
          class="movies"
        >
          <div
            class="container"
          >
            <a
              href="/movies/undefined"
            >
              <p
                class="title"
              >
                Spider-Man: No Way Home
              </p>
              <img
                alt="Spider-Man: No Way Home"
                src="https://image.tmdb.org/t/p/w500/https://image.tmdb.org/t/p/w500/1Rr5SrvHxMXHu5RjKpaMba8VTzi.jpg"
              />
            </a>
          </div>
          <div
            class="container"
          >
            <a
              href="/movies/undefined"
            >
              <p
                class="title"
              >
                Encanto
              </p>
              <img
                alt="Encanto"
                src="https://image.tmdb.org/t/p/w500/https://image.tmdb.org/t/p/w500/3G1Q5xF40HkUBJXxt2DQgQzKTp5.jpg"
              />
            </a>
          </div>
        </div>
      </div>
    </div>
  </body>,
  "container": <div>
    <div>
      <div
        class="movies"
      >
        <div
          class="container"
        >
          <a
            href="/movies/undefined"
          >
            <p
              class="title"
            >
              Spider-Man: No Way Home
            </p>
            <img
              alt="Spider-Man: No Way Home"
              src="https://image.tmdb.org/t/p/w500/https://image.tmdb.org/t/p/w500/1Rr5SrvHxMXHu5RjKpaMba8VTzi.jpg"
            />
          </a>
        </div>
        <div
          class="container"
        >
          <a
            href="/movies/undefined"
          >
            <p
              class="title"
            >
              Encanto
            </p>
            <img
              alt="Encanto"
              src="https://image.tmdb.org/t/p/w500/https://image.tmdb.org/t/p/w500/3G1Q5xF40HkUBJXxt2DQgQzKTp5.jpg"
            />
          </a>
        </div>
      </div>
    </div>
  </div>,
  "debug": [Function],
  "findAllByAltText": [Function],
  "findAllByDisplayValue": [Function],
  "findAllByLabelText": [Function],
  "findAllByPlaceholderText": [Function],
  "findAllByRole": [Function],
  "findAllByTestId": [Function],
  "findAllByText": [Function],
  "findAllByTitle": [Function],
  "findByAltText": [Function],
  "findByDisplayValue": [Function],
  "findByLabelText": [Function],
  "findByPlaceholderText": [Function],
  "findByRole": [Function],
  "findByTestId": [Function],
  "findByText": [Function],
  "findByTitle": [Function],
  "getAllByAltText": [Function],
  "getAllByDisplayValue": [Function],
  "getAllByLabelText": [Function],
  "getAllByPlaceholderText": [Function],
  "getAllByRole": [Function],
  "getAllByTestId": [Function],
  "getAllByText": [Function],
  "getAllByTitle": [Function],
  "getByAltText": [Function],
  "getByDisplayValue": [Function],
  "getByLabelText": [Function],
  "getByPlaceholderText": [Function],
  "getByRole": [Function],
  "getByTestId": [Function],
  "getByText": [Function],
  "getByTitle": [Function],
  "queryAllByAltText": [Function],
  "queryAllByDisplayValue": [Function],
  "queryAllByLabelText": [Function],
  "queryAllByPlaceholderText": [Function],
  "queryAllByRole": [Function],
  "queryAllByTestId": [Function],
  "queryAllByText": [Function],
  "queryAllByTitle": [Function],
  "queryByAltText": [Function],
  "queryByDisplayValue": [Function],
  "queryByLabelText": [Function],
  "queryByPlaceholderText": [Function],
  "queryByRole": [Function],
  "queryByTestId": [Function],
  "queryByText": [Function],
  "queryByTitle": [Function],
  "rerender": [Function],
  "unmount": [Function],
}
`;
